{"g1": 0.13523227608517252, "g2": 7.402264513957871, "logK": 0.5577658874992246, "loc": -0.058047102961097406, "logScale": -1.9114458765406699}