{"g1": 0.3862618732719801, "g2": 13.786755548766987, "logK": 0.9275430916201499, "loc": -0.11082621868416431, "logScale": -2.0062767767391496}