{"g1": 0.34198732780157126, "g2": 3.3395979219215235, "logK": 0.8075237721666576, "loc": -0.0461798734943704, "logScale": -2.016913027676877}