{"g1": 0.1975371486072879, "g2": 0.19236348868965053, "logK": 0.8278466602629806, "loc": -0.06434635350242904, "logScale": -1.9749177858617424}