{"g1": 0.3516250733315409, "g2": 13.469937184955828, "logK": 0.8443776164637417, "loc": -0.12226987424874765, "logScale": -1.92970617199103}