{"g1": 0.7733092766583499, "g2": 4.957336180279214, "logK": 0.9942468087133286, "loc": -0.1354228913199802, "logScale": -2.0000883008442143}