{"g1": 0.21449259673298082, "g2": 12.196626610268934, "logK": 0.4501118451979479, "loc": -0.0934707002651543, "logScale": -1.6314483800701762}