{"g1": 0.38637461975473253, "g2": 12.832609372755563, "logK": 0.9936721583812147, "loc": -0.04243312099705092, "logScale": -2.6043387648978644}