{"g1": 0.09016428935809168, "g2": 1.7298096022934404, "logK": -3.515893882888051, "loc": 0.07242377737751866, "logScale": -1.0108475087164095}