{"g1": 0.6171725407619187, "g2": 14.292531675940136, "logK": 0.9978226953907283, "loc": -0.07235135561726419, "logScale": -2.3151431773953304}