{"g1": 0.2727641839052637, "g2": 14.988116255910708, "logK": 0.9576623832226758, "loc": -0.0865067193209475, "logScale": -2.2423263977591352}