{"g1": 0.3351014034820124, "g2": 13.74603482032844, "logK": 0.9573967811250048, "loc": -0.09510600483968117, "logScale": -1.9425766783835234}