{"g1": 0.5072369271477145, "g2": 6.487693737660846, "logK": 0.9563247525554084, "loc": -0.1494046123560428, "logScale": -1.9653497500036605}