{"g1": 0.7439748887789481, "g2": 3.9312831621920763, "logK": 0.9997632818098176, "loc": -0.11537059656480093, "logScale": -1.8714058774097109}