{"g1": 0.9572183687592055, "g2": 6.952107348414458, "logK": 0.9844312541735065, "loc": -0.08715690489024235, "logScale": -1.5267688872456027}