{"g1": 0.5811814499832795, "g2": 9.551509458529427, "logK": 0.8763188313107307, "loc": -0.08716674262216238, "logScale": -1.80369636507726}