{"g1": 0.944424416121515, "g2": 6.446834291688189, "logK": 0.9996780139469582, "loc": -0.1431376075673064, "logScale": -1.7037072456127489}